Archive member included to satisfy reference by file (symbol)

/Applications/STM32CubeIDE.app/Contents/Eclipse/plugins/com.st.stm32cube.ide.mcu.externaltools.gnu-tools-for-stm32.13.3.rel1.macos64_1.0.0.202411102158/tools/bin/../lib/gcc/arm-none-eabi/13.3.1/../../../../arm-none-eabi/lib/thumb/v8-m.main+fp/hard/libc_nano.a(libc_a-exit.o)
                              /Applications/STM32CubeIDE.app/Contents/Eclipse/plugins/com.st.stm32cube.ide.mcu.externaltools.gnu-tools-for-stm32.13.3.rel1.macos64_1.0.0.202411102158/tools/bin/../lib/gcc/arm-none-eabi/13.3.1/../../../../arm-none-eabi/lib/thumb/v8-m.main+fp/hard/crt0.o (exit)
/Applications/STM32CubeIDE.app/Contents/Eclipse/plugins/com.st.stm32cube.ide.mcu.externaltools.gnu-tools-for-stm32.13.3.rel1.macos64_1.0.0.202411102158/tools/bin/../lib/gcc/arm-none-eabi/13.3.1/../../../../arm-none-eabi/lib/thumb/v8-m.main+fp/hard/libc_nano.a(libc_a-findfp.o)
                              /Applications/STM32CubeIDE.app/Contents/Eclipse/plugins/com.st.stm32cube.ide.mcu.externaltools.gnu-tools-for-stm32.13.3.rel1.macos64_1.0.0.202411102158/tools/bin/../lib/gcc/arm-none-eabi/13.3.1/../../../../arm-none-eabi/lib/thumb/v8-m.main+fp/hard/libc_nano.a(libc_a-exit.o) (__stdio_exit_handler)
/Applications/STM32CubeIDE.app/Contents/Eclipse/plugins/com.st.stm32cube.ide.mcu.externaltools.gnu-tools-for-stm32.13.3.rel1.macos64_1.0.0.202411102158/tools/bin/../lib/gcc/arm-none-eabi/13.3.1/../../../../arm-none-eabi/lib/thumb/v8-m.main+fp/hard/libc_nano.a(libc_a-fwalk.o)
                              /Applications/STM32CubeIDE.app/Contents/Eclipse/plugins/com.st.stm32cube.ide.mcu.externaltools.gnu-tools-for-stm32.13.3.rel1.macos64_1.0.0.202411102158/tools/bin/../lib/gcc/arm-none-eabi/13.3.1/../../../../arm-none-eabi/lib/thumb/v8-m.main+fp/hard/libc_nano.a(libc_a-findfp.o) (_fwalk_sglue)
/Applications/STM32CubeIDE.app/Contents/Eclipse/plugins/com.st.stm32cube.ide.mcu.externaltools.gnu-tools-for-stm32.13.3.rel1.macos64_1.0.0.202411102158/tools/bin/../lib/gcc/arm-none-eabi/13.3.1/../../../../arm-none-eabi/lib/thumb/v8-m.main+fp/hard/libc_nano.a(libc_a-memset.o)
                              /Applications/STM32CubeIDE.app/Contents/Eclipse/plugins/com.st.stm32cube.ide.mcu.externaltools.gnu-tools-for-stm32.13.3.rel1.macos64_1.0.0.202411102158/tools/bin/../lib/gcc/arm-none-eabi/13.3.1/../../../../arm-none-eabi/lib/thumb/v8-m.main+fp/hard/crt0.o (memset)
/Applications/STM32CubeIDE.app/Contents/Eclipse/plugins/com.st.stm32cube.ide.mcu.externaltools.gnu-tools-for-stm32.13.3.rel1.macos64_1.0.0.202411102158/tools/bin/../lib/gcc/arm-none-eabi/13.3.1/../../../../arm-none-eabi/lib/thumb/v8-m.main+fp/hard/libc_nano.a(libc_a-errno.o)
                              ./Core/Src/syscalls.o (__errno)
/Applications/STM32CubeIDE.app/Contents/Eclipse/plugins/com.st.stm32cube.ide.mcu.externaltools.gnu-tools-for-stm32.13.3.rel1.macos64_1.0.0.202411102158/tools/bin/../lib/gcc/arm-none-eabi/13.3.1/../../../../arm-none-eabi/lib/thumb/v8-m.main+fp/hard/libc_nano.a(libc_a-init.o)
                              /Applications/STM32CubeIDE.app/Contents/Eclipse/plugins/com.st.stm32cube.ide.mcu.externaltools.gnu-tools-for-stm32.13.3.rel1.macos64_1.0.0.202411102158/tools/bin/../lib/gcc/arm-none-eabi/13.3.1/../../../../arm-none-eabi/lib/thumb/v8-m.main+fp/hard/crt0.o (__libc_init_array)
/Applications/STM32CubeIDE.app/Contents/Eclipse/plugins/com.st.stm32cube.ide.mcu.externaltools.gnu-tools-for-stm32.13.3.rel1.macos64_1.0.0.202411102158/tools/bin/../lib/gcc/arm-none-eabi/13.3.1/../../../../arm-none-eabi/lib/thumb/v8-m.main+fp/hard/libc_nano.a(libc_a-lock.o)
                              /Applications/STM32CubeIDE.app/Contents/Eclipse/plugins/com.st.stm32cube.ide.mcu.externaltools.gnu-tools-for-stm32.13.3.rel1.macos64_1.0.0.202411102158/tools/bin/../lib/gcc/arm-none-eabi/13.3.1/../../../../arm-none-eabi/lib/thumb/v8-m.main+fp/hard/libc_nano.a(libc_a-findfp.o) (__retarget_lock_init_recursive)
/Applications/STM32CubeIDE.app/Contents/Eclipse/plugins/com.st.stm32cube.ide.mcu.externaltools.gnu-tools-for-stm32.13.3.rel1.macos64_1.0.0.202411102158/tools/bin/../lib/gcc/arm-none-eabi/13.3.1/../../../../arm-none-eabi/lib/thumb/v8-m.main+fp/hard/libc_nano.a(libc_a-impure.o)
                              /Applications/STM32CubeIDE.app/Contents/Eclipse/plugins/com.st.stm32cube.ide.mcu.externaltools.gnu-tools-for-stm32.13.3.rel1.macos64_1.0.0.202411102158/tools/bin/../lib/gcc/arm-none-eabi/13.3.1/../../../../arm-none-eabi/lib/thumb/v8-m.main+fp/hard/libc_nano.a(libc_a-errno.o) (_impure_ptr)
/Applications/STM32CubeIDE.app/Contents/Eclipse/plugins/com.st.stm32cube.ide.mcu.externaltools.gnu-tools-for-stm32.13.3.rel1.macos64_1.0.0.202411102158/tools/bin/../lib/gcc/arm-none-eabi/13.3.1/../../../../arm-none-eabi/lib/thumb/v8-m.main+fp/hard/libc_nano.a(libc_a-mallocr.o)
[...]
Memory Configuration

Name             Origin             Length             Attributes
RAM              0x20000000         0x00030000         xrw
RAM2             0x20030000         0x00010000         xrw
FLASH            0x08000000         0x00100000         xr
*default*        0x00000000         0xffffffff

Linker script and memory map

LOAD /Applications/STM32CubeIDE.app/Contents/Eclipse/plugins/com.st.stm32cube.ide.mcu.externaltools.gnu-tools-for-stm32.13.3.rel1.macos64_1.0.0.202411102158/tools/bin/../lib/gcc/arm-none-eabi/13.3.1/thumb/v8-m.main+fp/hard/crti.o
LOAD /Applications/STM32CubeIDE.app/Contents/Eclipse/plugins/com.st.stm32cube.ide.mcu.externaltools.gnu-tools-for-stm32.13.3.rel1.macos64_1.0.0.202411102158/tools/bin/../lib/gcc/arm-none-eabi/13.3.1/thumb/v8-m.main+fp/hard/crtbegin.o
LOAD /Applications/STM32CubeIDE.app/Contents/Eclipse/plugins/com.st.stm32cube.ide.mcu.externaltools.gnu-tools-for-stm32.13.3.rel1.macos64_1.0.0.202411102158/tools/bin/../lib/gcc/arm-none-eabi/13.3.1/../../../../arm-none-eabi/lib/thumb/v8-m.main+fp/hard/crt0.o
LOAD ./Core/Src/main.o
LOAD ./Core/Src/stm32u3xx_hal_msp.o
LOAD ./Core/Src/stm32u3xx_it.o
LOAD ./Core/Src/syscalls.o
LOAD ./Core/Src/sysmem.o
LOAD ./Core/Src/system_stm32u3xx.o
LOAD ./Core/Startup/startup_stm32u385cgtxq.o
LOAD ./Drivers/STM32U3xx_HAL_Driver/Src/stm32u3xx_hal.o
LOAD ./Drivers/STM32U3xx_HAL_Driver/Src/stm32u3xx_hal_adc.o
LOAD ./Drivers/STM32U3xx_HAL_Driver/Src/stm32u3xx_hal_adc_ex.o
LOAD ./Drivers/STM32U3xx_HAL_Driver/Src/stm32u3xx_hal_cortex.o
LOAD ./Drivers/STM32U3xx_HAL_Driver/Src/stm32u3xx_hal_dma.o
LOAD ./Drivers/STM32U3xx_HAL_Driver/Src/stm32u3xx_hal_dma_ex.o
LOAD ./Drivers/STM32U3xx_HAL_Driver/Src/stm32u3xx_hal_exti.o
LOAD ./Drivers/STM32U3xx_HAL_Driver/Src/stm32u3xx_hal_flash.o
LOAD ./Drivers/STM32U3xx_HAL_Driver/Src/stm32u3xx_hal_flash_ex.o
LOAD ./Drivers/STM32U3xx_HAL_Driver/Src/stm32u3xx_hal_gpio.o
LOAD ./Drivers/STM32U3xx_HAL_Driver/Src/stm32u3xx_hal_gtzc.o
LOAD ./Drivers/STM32U3xx_HAL_Driver/Src/stm32u3xx_hal_i2c.o
LOAD ./Drivers/STM32U3xx_HAL_Driver/Src/stm32u3xx_hal_i2c_ex.o
LOAD ./Drivers/STM32U3xx_HAL_Driver/Src/stm32u3xx_hal_icache.o
LOAD ./Drivers/STM32U3xx_HAL_Driver/Src/stm32u3xx_hal_pcd.o
LOAD ./Drivers/STM32U3xx_HAL_Driver/Src/stm32u3xx_hal_pcd_ex.o
LOAD ./Drivers/STM32U3xx_HAL_Driver/Src/stm32u3xx_hal_pwr.o
LOAD ./Drivers/STM32U3xx_HAL_Driver/Src/stm32u3xx_hal_pwr_ex.o
LOAD ./Drivers/STM32U3xx_HAL_Driver/Src/stm32u3xx_hal_rcc.o
LOAD ./Drivers/STM32U3xx_HAL_Driver/Src/stm32u3xx_hal_rcc_ex.o
LOAD ./Drivers/STM32U3xx_HAL_Driver/Src/stm32u3xx_hal_spi.o
LOAD ./Drivers/STM32U3xx_HAL_Driver/Src/stm32u3xx_hal_spi_ex.o
LOAD ./Drivers/STM32U3xx_HAL_Driver/Src/stm32u3xx_hal_tim.o
LOAD ./Drivers/STM32U3xx_HAL_Driver/Src/stm32u3xx_hal_tim_ex.o
LOAD ./Drivers/STM32U3xx_HAL_Driver/Src/stm32u3xx_hal_uart.o
LOAD ./Drivers/STM32U3xx_HAL_Driver/Src/stm32u3xx_hal_uart_ex.o
LOAD ./Drivers/STM32U3xx_HAL_Driver/Src/stm32u3xx_ll_usb.o
START GROUP
LOAD /Applications/STM32CubeIDE.app/Contents/Eclipse/plugins/com.st.stm32cube.ide.mcu.externaltools.gnu-tools-for-stm32.13.3.rel1.macos64_1.0.0.202411102158/tools/bin/../lib/gcc/arm-none-eabi/13.3.1/../../../../arm-none-eabi/lib/thumb/v8-m.main+fp/hard/libc_nano.a
LOAD /Applications/STM32CubeIDE.app/Contents/Eclipse/plugins/com.st.stm32cube.ide.mcu.externaltools.gnu-tools-for-stm32.13.3.rel1.macos64_1.0.0.202411102158/tools/bin/../lib/gcc/arm-none-eabi/13.3.1/../../../../arm-none-eabi/lib/thumb/v8-m.main+fp/hard/libm.a
END GROUP
START GROUP
LOAD /Applications/STM32CubeIDE.app/Contents/Eclipse/plugins/com.st.stm32cube.ide.mcu.externaltools.gnu-tools-for-stm32.13.3.rel1.macos64_1.0.0.202411102158/tools/bin/../lib/gcc/arm-none-eabi/13.3.1/thumb/v8-m.main+fp/hard/libgcc.a
LOAD /Applications/STM32CubeIDE.app/Contents/Eclipse/plugins/com.st.stm32cube.ide.mcu.externaltools.gnu-tools-for-stm32.13.3.rel1.macos64_1.0.0.202411102158/tools/bin/../lib/gcc/arm-none-eabi/13.3.1/../../../../arm-none-eabi/lib/thumb/v8-m.main+fp/hard/libc_nano.a
END GROUP
START GROUP
LOAD /Applications/STM32CubeIDE.app/Contents/Eclipse/plugins/com.st.stm32cube.ide.mcu.externaltools.gnu-tools-for-stm32.13.3.rel1.macos64_1.0.0.202411102158/tools/bin/../lib/gcc/arm-none-eabi/13.3.1/thumb/v8-m.main+fp/hard/libgcc.a
LOAD /Applications/STM32CubeIDE.app/Contents/Eclipse/plugins/com.st.stm32cube.ide.mcu.externaltools.gnu-tools-for-stm32.13.3.rel1.macos64_1.0.0.202411102158/tools/bin/../lib/gcc/arm-none-eabi/13.3.1/../../../../arm-none-eabi/lib/thumb/v8-m.main+fp/hard/libc_nano.a
LOAD /Applications/STM32CubeIDE.app/Contents/Eclipse/plugins/com.st.stm32cube.ide.mcu.externaltools.gnu-tools-for-stm32.13.3.rel1.macos64_1.0.0.202411102158/tools/bin/../lib/gcc/arm-none-eabi/13.3.1/../../../../arm-none-eabi/lib/thumb/v8-m.main+fp/hard/libnosys.a
END GROUP
START GROUP
LOAD /Applications/STM32CubeIDE.app/Contents/Eclipse/plugins/com.st.stm32cube.ide.mcu.externaltools.gnu-tools-for-stm32.13.3.rel1.macos64_1.0.0.202411102158/tools/bin/../lib/gcc/arm-none-eabi/13.3.1/thumb/v8-m.main+fp/hard/libgcc.a
LOAD /Applications/STM32CubeIDE.app/Contents/Eclipse/plugins/com.st.stm32cube.ide.mcu.externaltools.gnu-tools-for-stm32.13.3.rel1.macos64_1.0.0.202411102158/tools/bin/../lib/gcc/arm-none-eabi/13.3.1/../../../../arm-none-eabi/lib/thumb/v8-m.main+fp/hard/libc_nano.a
LOAD /Applications/STM32CubeIDE.app/Contents/Eclipse/plugins/com.st.stm32cube.ide.mcu.externaltools.gnu-tools-for-stm32.13.3.rel1.macos64_1.0.0.202411102158/tools/bin/../lib/gcc/arm-none-eabi/13.3.1/../../../../arm-none-eabi/lib/thumb/v8-m.main+fp/hard/libnosys.a
END GROUP
LOAD /Applications/STM32CubeIDE.app/Contents/Eclipse/plugins/com.st.stm32cube.ide.mcu.externaltools.gnu-tools-for-stm32.13.3.rel1.macos64_1.0.0.202411102158/tools/bin/../lib/gcc/arm-none-eabi/13.3.1/thumb/v8-m.main+fp/hard/crtend.o
LOAD /Applications/STM32CubeIDE.app/Contents/Eclipse/plugins/com.st.stm32cube.ide.mcu.externaltools.gnu-tools-for-stm32.13.3.rel1.macos64_1.0.0.202411102158/tools/bin/../lib/gcc/arm-none-eabi/13.3.1/thumb/v8-m.main+fp/hard/crtn.o
                0x20030000                        _estack = (ORIGIN (RAM) + LENGTH (RAM))
                0x00000200                        _Min_Heap_Size = 0x200
                0x00000400                        _Min_Stack_Size = 0x400

.isr_vector     0x08000000      0x234
                0x08000000                        . = ALIGN (0x4)
 *(.isr_vector)
 .isr_vector    0x08000000      0x234 ./Core/Startup/startup_stm32u385cgtxq.o
                0x08000000                g_pfnVectors
                0x08000234                        . = ALIGN (0x4)

.text           0x08000234     0x4c54
                0x08000234                        . = ALIGN (0x4)
 *(.text)
 .text          0x08000234       0x40 /Applications/STM32CubeIDE.app/Contents/Eclipse/plugins/com.st.stm32cube.ide.mcu.externaltools.gnu-tools-for-stm32.13.3.rel1.macos64_1.0.0.202411102158/tools/bin/../lib/gcc/arm-none-eabi/13.3.1/thumb/v8-m.main+fp/hard/crtbegin.o
 .text          0x08000274       0x30 /Applications/STM32CubeIDE.app/Contents/Eclipse/plugins/com.st.stm32cube.ide.mcu.externaltools.gnu-tools-for-stm32.13.3.rel1.macos64_1.0.0.202411102158/tools/bin/../lib/gcc/arm-none-eabi/13.3.1/thumb/v8-m.main+fp/hard/libgcc.a(_aeabi_uldivmod.o)
                0x08000274                __aeabi_uldivmod
 .text          0x080002a4      0x348 /Applications/STM32CubeIDE.app/Contents/Eclipse/plugins/com.st.stm32cube.ide.mcu.externaltools.gnu-tools-for-stm32.13.3.rel1.macos64_1.0.0.202411102158/tools/bin/../lib/gcc/arm-none-eabi/13.3.1/thumb/v8-m.main+fp/hard/libgcc.a(_udivmoddi4.o)
                0x080002a4                __udivmoddi4
 .text          0x080005ec        0x4 /Applications/STM32CubeIDE.app/Contents/Eclipse/plugins/com.st.stm32cube.ide.mcu.externaltools.gnu-tools-for-stm32.13.3.rel1.macos64_1.0.0.202411102158/tools/bin/../lib/gcc/arm-none-eabi/13.3.1/thumb/v8-m.main+fp/hard/libgcc.a(_dvmd_tls.o)
                0x080005ec                __aeabi_ldiv0
                0x080005ec                __aeabi_idiv0
 *(.text*)
 .text.main     0x080005f0       0x28 ./Core/Src/main.o
                0x080005f0                main
 .text.SystemClock_Config
                0x08000618       0x8e ./Core/Src/main.o
                0x08000618                SystemClock_Config
 *fill*         0x080006a6        0x2 
 .text.MX_ADC1_Init
                0x080006a8       0xb8 ./Core/Src/main.o
 .text.MX_I2C1_Init
                0x08000760       0x80 ./Core/Src/main.o
 .text.MX_SPI1_Init
                0x080007e0       0xdc ./Core/Src/main.o
 .text.MX_UART4_Init
                0x080008bc       0x9c ./Core/Src/main.o
 .text.MX_USB_PCD_Init
                0x08000958       0x64 ./Core/Src/main.o
 .text.MX_GPIO_Init
                0x080009bc      0x134 ./Core/Src/main.o
 .text.Error_Handler
                0x08000af0        0xc ./Core/Src/main.o
                0x08000af0                Error_Handler
 .text.HAL_MspInit
                0x08000afc       0x34 ./Core/Src/stm32u3xx_hal_msp.o
                0x08000afc                HAL_MspInit
 .text.HAL_ADC_MspInit
                0x08000b30       0xc0 ./Core/Src/stm32u3xx_hal_msp.o
                0x08000b30                HAL_ADC_MspInit
 .text.HAL_I2C_MspInit
                0x08000bf0       0xc8 ./Core/Src/stm32u3xx_hal_msp.o
                0x08000bf0                HAL_I2C_MspInit
 .text.HAL_SPI_MspInit
                0x08000cb8       0xc8 ./Core/Src/stm32u3xx_hal_msp.o
                0x08000cb8                HAL_SPI_MspInit
 .text.HAL_UART_MspInit
                0x08000d80       0xc8 ./Core/Src/stm32u3xx_hal_msp.o
                0x08000d80                HAL_UART_MspInit
 .text.HAL_PCD_MspInit
                0x08000e48       0x78 ./Core/Src/stm32u3xx_hal_msp.o
                0x08000e48                HAL_PCD_MspInit
 .text.NMI_Handler
                0x08000ec0        0x8 ./Core/Src/stm32u3xx_it.o
                0x08000ec0                NMI_Handler
 .text.HardFault_Handler
                0x08000ec8        0x8 ./Core/Src/stm32u3xx_it.o
                0x08000ec8                HardFault_Handler
 .text.MemManage_Handler
                0x08000ed0        0x8 ./Core/Src/stm32u3xx_it.o
                0x08000ed0                MemManage_Handler
 .text.BusFault_Handler
                0x08000ed8        0x8 ./Core/Src/stm32u3xx_it.o
                0x08000ed8                BusFault_Handler
 .text.UsageFault_Handler
                0x08000ee0        0x8 ./Core/Src/stm32u3xx_it.o
                0x08000ee0                UsageFault_Handler
 .text.SVC_Handler
                0x08000ee8        0xe ./Core/Src/stm32u3xx_it.o
                0x08000ee8                SVC_Handler
 .text.DebugMon_Handler
                0x08000ef6        0xe ./Core/Src/stm32u3xx_it.o
                0x08000ef6                DebugMon_Handler
 .text.PendSV_Handler
                0x08000f04        0xe ./Core/Src/stm32u3xx_it.o
                0x08000f04                PendSV_Handler
 .text.SysTick_Handler
                0x08000f12        0xc ./Core/Src/stm32u3xx_it.o
                0x08000f12                SysTick_Handler
 *fill*         0x08000f1e        0x2 
 .text.SystemInit
                0x08000f20       0x24 ./Core/Src/system_stm32u3xx.o
                0x08000f20                SystemInit
 .text.SystemCoreClockUpdate
                0x08000f44       0xd0 ./Core/Src/system_stm32u3xx.o
                0x08000f44                SystemCoreClockUpdate
 .text.Reset_Handler
                0x08001014       0x50 ./Core/Startup/startup_stm32u385cgtxq.o
                0x08001014                Reset_Handler
 .text.Default_Handler
                0x08001064        0x2 ./Core/Startup/startup_stm32u385cgtxq.o
                0x08001064                HASH_IRQHandler
                0x08001064                EXTI5_IRQHandler
                0x08001064                I3C1_ER_IRQHandler
                0x08001064                FLASH_S_IRQHandler
                0x08001064                EXTI13_IRQHandler
                0x08001064                TIM1_CC_IRQHandler
                0x08001064                TSC_IRQHandler
                0x08001064                TIM1_TRG_COM_DIR_IDX_IRQHandler
                0x08001064                TAMP_IRQHandler
                0x08001064                TIM6_IRQHandler
                0x08001064                EXTI12_IRQHandler
                0x08001064                EXTI3_IRQHandler
                0x08001064                LPTIM4_IRQHandler
                0x08001064                GPDMA1_Channel5_IRQHandler
                0x08001064                EXTI8_IRQHandler
                0x08001064                LPTIM2_IRQHandler
                0x08001064                USB_FS_IRQHandler
                0x08001064                I2C3_ER_IRQHandler
                0x08001064                LPTIM3_IRQHandler
                0x08001064                EXTI0_IRQHandler
                0x08001064                I2C2_EV_IRQHandler
                0x08001064                FPU_IRQHandler
                0x08001064                GPDMA1_Channel3_IRQHandler
                0x08001064                GPDMA1_Channel7_IRQHandler
                0x08001064                FDCAN1_IT1_IRQHandler
                0x08001064                RAMCFG_IRQHandler
                0x08001064                PWR_S_IRQHandler
                0x08001064                GPDMA1_Channel9_IRQHandler
                0x08001064                SPI1_IRQHandler
                0x08001064                OCTOSPI1_IRQHandler
                0x08001064                GPDMA1_Channel2_IRQHandler
                0x08001064                RCC_S_IRQHandler
                0x08001064                ADC1_IRQHandler
                0x08001064                PKA_IRQHandler
                0x08001064                PWR_IRQHandler
                0x08001064                I3C2_ER_IRQHandler
                0x08001064                EXTI15_IRQHandler
                0x08001064                TIM17_IRQHandler
                0x08001064                USART3_IRQHandler
                0x08001064                RTC_IRQHandler
                0x08001064                EXTI9_IRQHandler
                0x08001064                UART5_IRQHandler
                0x08001064                TIM4_IRQHandler
                0x08001064                I3C2_EV_IRQHandler
                0x08001064                I2C1_EV_IRQHandler
                0x08001064                GPDMA1_Channel1_IRQHandler
                0x08001064                TIM16_IRQHandler
                0x08001064                UART4_IRQHandler
                0x08001064                SecureFault_Handler
                0x08001064                TIM3_IRQHandler
                0x08001064                RCC_IRQHandler
                0x08001064                Default_Handler
                0x08001064                GPDMA1_Channel8_IRQHandler
                0x08001064                GPDMA1_Channel11_IRQHandler
                0x08001064                TIM7_IRQHandler
                0x08001064                SDMMC1_IRQHandler
                0x08001064                SAES_IRQHandler
                0x08001064                GPDMA1_Channel0_IRQHandler
                0x08001064                I3C1_EV_IRQHandler
                0x08001064                TIM15_IRQHandler
                0x08001064                I2C3_EV_IRQHandler
                0x08001064                PVD_PVM_IRQHandler
                0x08001064                ADC2_IRQHandler
                0x08001064                SPI2_IRQHandler
                0x08001064                EXTI14_IRQHandler
                0x08001064                EXTI11_IRQHandler
                0x08001064                CRS_IRQHandler
                0x08001064                EXTI4_IRQHandler
                0x08001064                TIM1_BRK_TERR_IERR_IRQHandler
                0x08001064                RTC_S_IRQHandler
                0x08001064                RNG_IRQHandler
                0x08001064                COMP_IRQHandler
                0x08001064                TIM1_UP_IRQHandler
                0x08001064                WWDG_IRQHandler
                0x08001064                ADF1_IRQHandler
                0x08001064                IWDG_IRQHandler
                0x08001064                LPUART1_IRQHandler
                0x08001064                FDCAN1_IT0_IRQHandler
                0x08001064                TIM2_IRQHandler
                0x08001064                GPDMA1_Channel4_IRQHandler
                0x08001064                EXTI7_IRQHandler
                0x08001064                EXTI1_IRQHandler
                0x08001064                AES_IRQHandler
                0x08001064                DAC1_IRQHandler
                0x08001064                GTZC_IRQHandler
                0x08001064                GPDMA1_Channel6_IRQHandler
                0x08001064                I2C2_ER_IRQHandler
                0x08001064                FLASH_IRQHandler
                0x08001064                USART1_IRQHandler
                0x08001064                EXTI10_IRQHandler
                0x08001064                SPI3_IRQHandler
                0x08001064                I2C1_ER_IRQHandler
                0x08001064                EXTI6_IRQHandler
                0x08001064                LPTIM1_IRQHandler
                0x08001064                GPDMA1_Channel10_IRQHandler
                0x08001064                ICACHE_IRQHandler
                0x08001064                SAI1_IRQHandler
                0x08001064                EXTI2_IRQHandler
 *fill*         0x08001066        0x2 
 .text.HAL_Init
                0x08001068       0x40 ./Drivers/STM32U3xx_HAL_Driver/Src/stm32u3xx_hal.o
                0x08001068                HAL_Init
 .text.HAL_InitTick
                0x080010a8       0xfc ./Drivers/STM32U3xx_HAL_Driver/Src/stm32u3xx_hal.o
                0x080010a8                HAL_InitTick
 .text.HAL_IncTick
                0x080011a4       0x28 ./Drivers/STM32U3xx_HAL_Driver/Src/stm32u3xx_hal.o
                0x080011a4                HAL_IncTick
 .text.HAL_GetTick
                0x080011cc       0x18 ./Drivers/STM32U3xx_HAL_Driver/Src/stm32u3xx_hal.o
                0x080011cc                HAL_GetTick
 .text.HAL_Delay
                0x080011e4       0x48 ./Drivers/STM32U3xx_HAL_Driver/Src/stm32u3xx_hal.o
                0x080011e4                HAL_Delay
 .text.LL_ADC_SetCommonPathInternalCh
                0x0800122c       0x26 ./Drivers/STM32U3xx_HAL_Driver/Src/stm32u3xx_hal_adc.o
 .text.LL_ADC_GetCommonPathInternalCh
                0x08001252       0x1c ./Drivers/STM32U3xx_HAL_Driver/Src/stm32u3xx_hal_adc.o
 .text.LL_ADC_SetPathInternalCh
                0x0800126e       0x2c ./Drivers/STM32U3xx_HAL_Driver/Src/stm32u3xx_hal_adc.o
 .text.LL_ADC_GetPathInternalCh
                0x0800129a       0x20 ./Drivers/STM32U3xx_HAL_Driver/Src/stm32u3xx_hal_adc.o
 .text.LL_ADC_SetOffsetChannel
                0x080012ba       0x38 ./Drivers/STM32U3xx_HAL_Driver/Src/stm32u3xx_hal_adc.o
 .text.LL_ADC_GetOffsetChannel
                0x080012f2       0x2e ./Drivers/STM32U3xx_HAL_Driver/Src/stm32u3xx_hal_adc.o
 .text.LL_ADC_SetOffsetLevel
                0x08001320       0x36 ./Drivers/STM32U3xx_HAL_Driver/Src/stm32u3xx_hal_adc.o
 .text.LL_ADC_SetOffsetSign
                0x08001356       0x36 ./Drivers/STM32U3xx_HAL_Driver/Src/stm32u3xx_hal_adc.o
 .text.LL_ADC_SetOffsetSignedSaturation
                0x0800138c       0x36 ./Drivers/STM32U3xx_HAL_Driver/Src/stm32u3xx_hal_adc.o
 .text.LL_ADC_SetOffsetUnsignedSaturation
                0x080013c2       0x36 ./Drivers/STM32U3xx_HAL_Driver/Src/stm32u3xx_hal_adc.o
 .text.LL_ADC_SetGainCompensation
                0x080013f8       0x46 ./Drivers/STM32U3xx_HAL_Driver/Src/stm32u3xx_hal_adc.o
 .text.LL_ADC_REG_SetSequencerRanks
                0x0800143e       0x56 ./Drivers/STM32U3xx_HAL_Driver/Src/stm32u3xx_hal_adc.o
 .text.LL_ADC_SetChannelPreselection
                0x08001494       0x2e ./Drivers/STM32U3xx_HAL_Driver/Src/stm32u3xx_hal_adc.o
 *fill*         0x080014c2        0x2 
 .text.LL_ADC_SetChannelSamplingTime
                0x080014c4      0x17c ./Drivers/STM32U3xx_HAL_Driver/Src/stm32u3xx_hal_adc.o
 .text.LL_ADC_DisableDeepPowerDown
                0x08001640       0x24 ./Drivers/STM32U3xx_HAL_Driver/Src/stm32u3xx_hal_adc.o
 .text.LL_ADC_IsDeepPowerDownEnabled
                0x08001664       0x28 ./Drivers/STM32U3xx_HAL_Driver/Src/stm32u3xx_hal_adc.o
 .text.LL_ADC_EnableInternalRegulator
                0x0800168c       0x28 ./Drivers/STM32U3xx_HAL_Driver/Src/stm32u3xx_hal_adc.o
 .text.LL_ADC_IsInternalRegulatorEnabled
                0x080016b4       0x28 ./Drivers/STM32U3xx_HAL_Driver/Src/stm32u3xx_hal_adc.o
 .text.LL_ADC_REG_IsConversionOngoing
                0x080016dc       0x26 ./Drivers/STM32U3xx_HAL_Driver/Src/stm32u3xx_hal_adc.o
 .text.LL_ADC_INJ_IsConversionOngoing
                0x08001702       0x26 ./Drivers/STM32U3xx_HAL_Driver/Src/stm32u3xx_hal_adc.o
 .text.LL_ADC_IsActiveFlag_LDORDY
                0x08001728       0x28 ./Drivers/STM32U3xx_HAL_Driver/Src/stm32u3xx_hal_adc.o
 .text.LL_ADC_ClearFlag_LDORDY
                0x08001750       0x1c ./Drivers/STM32U3xx_HAL_Driver/Src/stm32u3xx_hal_adc.o
 .text.HAL_ADC_Init
                0x0800176c      0x29c ./Drivers/STM32U3xx_HAL_Driver/Src/stm32u3xx_hal_adc.o
                0x0800176c                HAL_ADC_Init
 .text.HAL_ADC_ConfigChannel
                0x08001a08      0x358 ./Drivers/STM32U3xx_HAL_Driver/Src/stm32u3xx_hal_adc.o
                0x08001a08                HAL_ADC_ConfigChannel
 .text.__NVIC_SetPriorityGrouping
                0x08001d60       0x48 ./Drivers/STM32U3xx_HAL_Driver/Src/stm32u3xx_hal_cortex.o
 .text.__NVIC_GetPriorityGrouping
                0x08001da8       0x1c ./Drivers/STM32U3xx_HAL_Driver/Src/stm32u3xx_hal_cortex.o
 .text.__NVIC_SetPriority
                0x08001dc4       0x54 ./Drivers/STM32U3xx_HAL_Driver/Src/stm32u3xx_hal_cortex.o
 .text.NVIC_EncodePriority
                0x08001e18       0x66 ./Drivers/STM32U3xx_HAL_Driver/Src/stm32u3xx_hal_cortex.o
 .text.HAL_NVIC_SetPriorityGrouping
                0x08001e7e       0x16 ./Drivers/STM32U3xx_HAL_Driver/Src/stm32u3xx_hal_cortex.o
                0x08001e7e                HAL_NVIC_SetPriorityGrouping
 .text.HAL_NVIC_SetPriority
                0x08001e94       0x34 ./Drivers/STM32U3xx_HAL_Driver/Src/stm32u3xx_hal_cortex.o
                0x08001e94                HAL_NVIC_SetPriority
 .text.HAL_SYSTICK_Config
                0x08001ec8       0x44 ./Drivers/STM32U3xx_HAL_Driver/Src/stm32u3xx_hal_cortex.o
                0x08001ec8                HAL_SYSTICK_Config
 .text.HAL_SYSTICK_CLKSourceConfig
                0x08001f0c       0xb0 ./Drivers/STM32U3xx_HAL_Driver/Src/stm32u3xx_hal_cortex.o
                0x08001f0c                HAL_SYSTICK_CLKSourceConfig
 .text.HAL_GPIO_Init
                0x08001fbc      0x314 ./Drivers/STM32U3xx_HAL_Driver/Src/stm32u3xx_hal_gpio.o
                0x08001fbc                HAL_GPIO_Init
 .text.HAL_GPIO_WritePin
                0x080022d0       0x30 ./Drivers/STM32U3xx_HAL_Driver/Src/stm32u3xx_hal_gpio.o
                0x080022d0                HAL_GPIO_WritePin
 .text.HAL_I2C_Init
                0x08002300      0x136 ./Drivers/STM32U3xx_HAL_Driver/Src/stm32u3xx_hal_i2c.o
                0x08002300                HAL_I2C_Init
 .text.HAL_I2CEx_ConfigAnalogFilter
                0x08002436       0x96 ./Drivers/STM32U3xx_HAL_Driver/Src/stm32u3xx_hal_i2c_ex.o
                0x08002436                HAL_I2CEx_ConfigAnalogFilter
 .text.HAL_I2CEx_ConfigDigitalFilter
                0x080024cc       0x98 ./Drivers/STM32U3xx_HAL_Driver/Src/stm32u3xx_hal_i2c_ex.o
                0x080024cc                HAL_I2CEx_ConfigDigitalFilter
 .text.HAL_PCD_Init
                0x08002564      0x1a2 ./Drivers/STM32U3xx_HAL_Driver/Src/stm32u3xx_hal_pcd.o
                0x08002564                HAL_PCD_Init
 .text.HAL_PCDEx_ActivateLPM
                0x08002706       0x44 ./Drivers/STM32U3xx_HAL_Driver/Src/stm32u3xx_hal_pcd_ex.o
                0x08002706                HAL_PCDEx_ActivateLPM
 *fill*         0x0800274a        0x2 
 .text.HAL_PWREx_ControlVoltageScaling
                0x0800274c       0x7c ./Drivers/STM32U3xx_HAL_Driver/Src/stm32u3xx_hal_pwr_ex.o
                0x0800274c                HAL_PWREx_ControlVoltageScaling
 .text.HAL_PWREx_EnableVddUSB
                0x080027c8       0x20 ./Drivers/STM32U3xx_HAL_Driver/Src/stm32u3xx_hal_pwr_ex.o
                0x080027c8                HAL_PWREx_EnableVddUSB
 .text.HAL_PWREx_EnableVddA
                0x080027e8       0x20 ./Drivers/STM32U3xx_HAL_Driver/Src/stm32u3xx_hal_pwr_ex.o
                0x080027e8                HAL_PWREx_EnableVddA
 .text.HAL_RCC_OscConfig
                0x08002808      0x6ac ./Drivers/STM32U3xx_HAL_Driver/Src/stm32u3xx_hal_rcc.o
                0x08002808                HAL_RCC_OscConfig
 .text.HAL_RCC_ClockConfig
                0x08002eb4      0x1d8 ./Drivers/STM32U3xx_HAL_Driver/Src/stm32u3xx_hal_rcc.o
                0x08002eb4                HAL_RCC_ClockConfig
 .text.HAL_RCC_GetSysClockFreq
                0x0800308c       0x90 ./Drivers/STM32U3xx_HAL_Driver/Src/stm32u3xx_hal_rcc.o
                0x0800308c                HAL_RCC_GetSysClockFreq
 .text.HAL_RCC_GetHCLKFreq
                0x0800311c       0x34 ./Drivers/STM32U3xx_HAL_Driver/Src/stm32u3xx_hal_rcc.o
                0x0800311c                HAL_RCC_GetHCLKFreq
 .text.HAL_RCC_GetPCLK1Freq
                0x08003150       0x28 ./Drivers/STM32U3xx_HAL_Driver/Src/stm32u3xx_hal_rcc.o
                0x08003150                HAL_RCC_GetPCLK1Freq
 .text.HAL_RCC_GetPCLK2Freq
                0x08003178       0x28 ./Drivers/STM32U3xx_HAL_Driver/Src/stm32u3xx_hal_rcc.o
                0x08003178                HAL_RCC_GetPCLK2Freq
 .text.HAL_RCC_GetPCLK3Freq
                0x080031a0       0x28 ./Drivers/STM32U3xx_HAL_Driver/Src/stm32u3xx_hal_rcc.o
                0x080031a0                HAL_RCC_GetPCLK3Freq
 .text.HAL_RCC_GetMSIKFreq
                0x080031c8       0x6c ./Drivers/STM32U3xx_HAL_Driver/Src/stm32u3xx_hal_rcc.o
                0x080031c8                HAL_RCC_GetMSIKFreq
 .text.HAL_RCCEx_PeriphCLKConfig
                0x08003234      0x4dc ./Drivers/STM32U3xx_HAL_Driver/Src/stm32u3xx_hal_rcc_ex.o
                0x08003234                HAL_RCCEx_PeriphCLKConfig
 .text.HAL_RCCEx_GetPeriphCLKFreq
                0x08003710      0x9b4 ./Drivers/STM32U3xx_HAL_Driver/Src/stm32u3xx_hal_rcc_ex.o
                0x08003710                HAL_RCCEx_GetPeriphCLKFreq
 .text.HAL_SPI_Init
                0x080040c4      0x1e0 ./Drivers/STM32U3xx_HAL_Driver/Src/stm32u3xx_hal_spi.o
                0x080040c4                HAL_SPI_Init
 .text.SPI_GetPacketSize
                0x080042a4       0x36 ./Drivers/STM32U3xx_HAL_Driver/Src/stm32u3xx_hal_spi.o
 .text.HAL_SPIEx_SetConfigAutonomousMode
                0x080042da       0x82 ./Drivers/STM32U3xx_HAL_Driver/Src/stm32u3xx_hal_spi_ex.o
                0x080042da                HAL_SPIEx_SetConfigAutonomousMode
 .text.HAL_MultiProcessor_Init
                0x0800435c       0xd8 ./Drivers/STM32U3xx_HAL_Driver/Src/stm32u3xx_hal_uart.o
                0x0800435c                HAL_MultiProcessor_Init
 .text.UART_SetConfig
                0x08004434      0x2e8 ./Drivers/STM32U3xx_HAL_Driver/Src/stm32u3xx_hal_uart.o
                0x08004434                UART_SetConfig
 .text.UART_AdvFeatureConfig
                0x0800471c      0x144 ./Drivers/STM32U3xx_HAL_Driver/Src/stm32u3xx_hal_uart.o
                0x0800471c                UART_AdvFeatureConfig
 .text.UART_CheckIdleState
                0x08004860      0x154 ./Drivers/STM32U3xx_HAL_Driver/Src/stm32u3xx_hal_uart.o
                0x08004860                UART_CheckIdleState
 .text.UART_WaitOnFlagUntilTimeout
                0x080049b4       0xda ./Drivers/STM32U3xx_HAL_Driver/Src/stm32u3xx_hal_uart.o
                0x080049b4                UART_WaitOnFlagUntilTimeout
 .text.UART_EndRxTransfer
                0x08004a8e       0xcc ./Drivers/STM32U3xx_HAL_Driver/Src/stm32u3xx_hal_uart.o
 .text.HAL_UARTEx_DisableFifoMode
                0x08004b5a       0x72 ./Drivers/STM32U3xx_HAL_Driver/Src/stm32u3xx_hal_uart_ex.o
                0x08004b5a                HAL_UARTEx_DisableFifoMode
 .text.HAL_UARTEx_SetTxFifoThreshold
                0x08004bcc       0x7c ./Drivers/STM32U3xx_HAL_Driver/Src/stm32u3xx_hal_uart_ex.o
                0x08004bcc                HAL_UARTEx_SetTxFifoThreshold
 .text.HAL_UARTEx_SetRxFifoThreshold
                0x08004c48       0x7c ./Drivers/STM32U3xx_HAL_Driver/Src/stm32u3xx_hal_uart_ex.o
                0x08004c48                HAL_UARTEx_SetRxFifoThreshold
 .text.UARTEx_SetNbDataToProcess
                0x08004cc4       0x9c ./Drivers/STM32U3xx_HAL_Driver/Src/stm32u3xx_hal_uart_ex.o
 .text.USB_DisableGlobalInt
                0x08004d60       0x2a ./Drivers/STM32U3xx_HAL_Driver/Src/stm32u3xx_ll_usb.o
                0x08004d60                USB_DisableGlobalInt
 .text.USB_SetCurrentMode
                0x08004d8a       0x46 ./Drivers/STM32U3xx_HAL_Driver/Src/stm32u3xx_ll_usb.o
                0x08004d8a                USB_SetCurrentMode
 .text.USB_DevInit
                0x08004dd0       0x46 ./Drivers/STM32U3xx_HAL_Driver/Src/stm32u3xx_ll_usb.o
                0x08004dd0                USB_DevInit
 .text.memset   0x08004e16       0x10 /Applications/STM32CubeIDE.app/Contents/Eclipse/plugins/com.st.stm32cube.ide.mcu.externaltools.gnu-tools-for-stm32.13.3.rel1.macos64_1.0.0.202411102158/tools/bin/../lib/gcc/arm-none-eabi/13.3.1/../../../../arm-none-eabi/lib/thumb/v8-m.main+fp/hard/libc_nano.a(libc_a-memset.o)
                0x08004e16                memset
 *fill*         0x08004e26        0x2 
 .text.__libc_init_array
                0x08004e28       0x48 /Applications/STM32CubeIDE.app/Contents/Eclipse/plugins/com.st.stm32cube.ide.mcu.externaltools.gnu-tools-for-stm32.13.3.rel1.macos64_1.0.0.202411102158/tools/bin/../lib/gcc/arm-none-eabi/13.3.1/../../../../arm-none-eabi/lib/thumb/v8-m.main+fp/hard/libc_nano.a(libc_a-init.o)
                0x08004e28                __libc_init_array
 *(.glue_7)
 .glue_7        0x08004e70        0x0 linker stubs
 *(.glue_7t)
 .glue_7t       0x08004e70        0x0 linker stubs
 *(.eh_frame)
 .eh_frame      0x08004e70        0x0 /Applications/STM32CubeIDE.app/Contents/Eclipse/plugins/com.st.stm32cube.ide.mcu.externaltools.gnu-tools-for-stm32.13.3.rel1.macos64_1.0.0.202411102158/tools/bin/../lib/gcc/arm-none-eabi/13.3.1/thumb/v8-m.main+fp/hard/crtbegin.o
 *(.init)
 .init          0x08004e70        0x4 /Applications/STM32CubeIDE.app/Contents/Eclipse/plugins/com.st.stm32cube.ide.mcu.externaltools.gnu-tools-for-stm32.13.3.rel1.macos64_1.0.0.202411102158/tools/bin/../lib/gcc/arm-none-eabi/13.3.1/thumb/v8-m.main+fp/hard/crti.o
                0x08004e70                _init
 .init          0x08004e74        0x8 /Applications/STM32CubeIDE.app/Contents/Eclipse/plugins/com.st.stm32cube.ide.mcu.externaltools.gnu-tools-for-stm32.13.3.rel1.macos64_1.0.0.202411102158/tools/bin/../lib/gcc/arm-none-eabi/13.3.1/thumb/v8-m.main+fp/hard/crtn.o
 *(.fini)
 .fini          0x08004e7c        0x4 /Applications/STM32CubeIDE.app/Contents/Eclipse/plugins/com.st.stm32cube.ide.mcu.externaltools.gnu-tools-for-stm32.13.3.rel1.macos64_1.0.0.202411102158/tools/bin/../lib/gcc/arm-none-eabi/13.3.1/thumb/v8-m.main+fp/hard/crti.o
                0x08004e7c                _fini
 .fini          0x08004e80        0x8 /Applications/STM32CubeIDE.app/Contents/Eclipse/plugins/com.st.stm32cube.ide.mcu.externaltools.gnu-tools-for-stm32.13.3.rel1.macos64_1.0.0.202411102158/tools/bin/../lib/gcc/arm-none-eabi/13.3.1/thumb/v8-m.main+fp/hard/crtn.o
                0x08004e88                        . = ALIGN (0x4)
                0x08004e88                        _etext = .

.vfp11_veneer   0x08004e88        0x0
 .vfp11_veneer  0x08004e88        0x0 linker stubs

.v4_bx          0x08004e88        0x0
 .v4_bx         0x08004e88        0x0 linker stubs

.iplt           0x08004e88        0x0
 .iplt          0x08004e88        0x0 /Applications/STM32CubeIDE.app/Contents/Eclipse/plugins/com.st.stm32cube.ide.mcu.externaltools.gnu-tools-for-stm32.13.3.rel1.macos64_1.0.0.202411102158/tools/bin/../lib/gcc/arm-none-eabi/13.3.1/thumb/v8-m.main+fp/hard/crtbegin.o

.rodata         0x08004e88       0x8c
                0x08004e88                        . = ALIGN (0x4)
 *(.rodata)
 *(.rodata*)
 .rodata.AHBPrescTable
                0x08004e88       0x10 ./Core/Src/system_stm32u3xx.o
                0x08004e88                AHBPrescTable
 .rodata.APBPrescTable
                0x08004e98        0x8 ./Core/Src/system_stm32u3xx.o
                0x08004e98                APBPrescTable
 .rodata.ADC_CHANNEL_LUT
                0x08004ea0       0x4c ./Drivers/STM32U3xx_HAL_Driver/Src/stm32u3xx_hal_adc.o
 .rodata.UARTPrescTable
                0x08004eec       0x18 ./Drivers/STM32U3xx_HAL_Driver/Src/stm32u3xx_hal_uart.o
                0x08004eec                UARTPrescTable
 .rodata.numerator.1
                0x08004f04        0x8 ./Drivers/STM32U3xx_HAL_Driver/Src/stm32u3xx_hal_uart_ex.o
 .rodata.denominator.0
                0x08004f0c        0x8 ./Drivers/STM32U3xx_HAL_Driver/Src/stm32u3xx_hal_uart_ex.o
                0x08004f14                        . = ALIGN (0x4)

.ARM.extab      0x08004f14        0x0
                0x08004f14                        . = ALIGN (0x4)
 *(.ARM.extab* .gnu.linkonce.armextab.*)
                0x08004f14                        . = ALIGN (0x4)

.ARM            0x08004f14        0x8
                0x08004f14                        . = ALIGN (0x4)
                0x08004f14                        __exidx_start = .
 *(.ARM.exidx*)
 .ARM.exidx     0x08004f14        0x8 /Applications/STM32CubeIDE.app/Contents/Eclipse/plugins/com.st.stm32cube.ide.mcu.externaltools.gnu-tools-for-stm32.13.3.rel1.macos64_1.0.0.202411102158/tools/bin/../lib/gcc/arm-none-eabi/13.3.1/thumb/v8-m.main+fp/hard/libgcc.a(_udivmoddi4.o)
                0x08004f1c                        __exidx_end = .
                0x08004f1c                        . = ALIGN (0x4)

.preinit_array  0x08004f1c        0x0
                0x08004f1c                        . = ALIGN (0x4)
                0x08004f1c                        PROVIDE (__preinit_array_start = .)
 *(.preinit_array*)
                0x08004f1c                        PROVIDE (__preinit_array_end = .)
                0x08004f1c                        . = ALIGN (0x4)

.init_array     0x08004f1c        0x4
                0x08004f1c                        . = ALIGN (0x4)
                0x08004f1c                        PROVIDE (__init_array_start = .)
 *(SORT_BY_NAME(.init_array.*))
 *(.init_array*)
 .init_array    0x08004f1c        0x4 /Applications/STM32CubeIDE.app/Contents/Eclipse/plugins/com.st.stm32cube.ide.mcu.externaltools.gnu-tools-for-stm32.13.3.rel1.macos64_1.0.0.202411102158/tools/bin/../lib/gcc/arm-none-eabi/13.3.1/thumb/v8-m.main+fp/hard/crtbegin.o
                0x08004f20                        PROVIDE (__init_array_end = .)
                0x08004f20                        . = ALIGN (0x4)

.fini_array     0x08004f20        0x4
                0x08004f20                        . = ALIGN (0x4)
                [!provide]                        PROVIDE (__fini_array_start = .)
 *(SORT_BY_NAME(.fini_array.*))
 *(.fini_array*)
 .fini_array    0x08004f20        0x4 /Applications/STM32CubeIDE.app/Contents/Eclipse/plugins/com.st.stm32cube.ide.mcu.externaltools.gnu-tools-for-stm32.13.3.rel1.macos64_1.0.0.202411102158/tools/bin/../lib/gcc/arm-none-eabi/13.3.1/thumb/v8-m.main+fp/hard/crtbegin.o
                [!provide]                        PROVIDE (__fini_array_end = .)
                0x08004f24                        . = ALIGN (0x4)
                0x08004f24                        _sidata = LOADADDR (.data)

.rel.dyn        0x08004f24        0x0
 .rel.iplt      0x08004f24        0x0 /Applications/STM32CubeIDE.app/Contents/Eclipse/plugins/com.st.stm32cube.ide.mcu.externaltools.gnu-tools-for-stm32.13.3.rel1.macos64_1.0.0.202411102158/tools/bin/../lib/gcc/arm-none-eabi/13.3.1/thumb/v8-m.main+fp/hard/crtbegin.o

.data           0x20000000        0xc load address 0x08004f24
                0x20000000                        . = ALIGN (0x4)
                0x20000000                        _sdata = .
 *(.data)
 *(.data*)
 .data.SystemCoreClock
                0x20000000        0x4 ./Core/Src/system_stm32u3xx.o
                0x20000000                SystemCoreClock
 .data.uwTickPrio
                0x20000004        0x4 ./Drivers/STM32U3xx_HAL_Driver/Src/stm32u3xx_hal.o
                0x20000004                uwTickPrio
 .data.uwTickFreq
                0x20000008        0x1 ./Drivers/STM32U3xx_HAL_Driver/Src/stm32u3xx_hal.o
                0x20000008                uwTickFreq
 *(.RamFunc)
 *(.RamFunc*)
                0x2000000c                        . = ALIGN (0x4)
 *fill*         0x20000009        0x3 
                0x2000000c                        _edata = .

.igot.plt       0x2000000c        0x0 load address 0x08004f30
 .igot.plt      0x2000000c        0x0 /Applications/STM32CubeIDE.app/Contents/Eclipse/plugins/com.st.stm32cube.ide.mcu.externaltools.gnu-tools-for-stm32.13.3.rel1.macos64_1.0.0.202411102158/tools/bin/../lib/gcc/arm-none-eabi/13.3.1/thumb/v8-m.main+fp/hard/crtbegin.o
                0x2000000c                        . = ALIGN (0x4)

.bss            0x2000000c      0x4e0 load address 0x08004f30
                0x2000000c                        _sbss = .
                0x2000000c                        __bss_start__ = _sbss
 *(.bss)
 .bss           0x2000000c       0x1c /Applications/STM32CubeIDE.app/Contents/Eclipse/plugins/com.st.stm32cube.ide.mcu.externaltools.gnu-tools-for-stm32.13.3.rel1.macos64_1.0.0.202411102158/tools/bin/../lib/gcc/arm-none-eabi/13.3.1/thumb/v8-m.main+fp/hard/crtbegin.o
 *(.bss*)
 .bss.hadc1     0x20000028       0x68 ./Core/Src/main.o
                0x20000028                hadc1
 .bss.hi2c1     0x20000090       0x54 ./Core/Src/main.o
                0x20000090                hi2c1
 .bss.hspi1     0x200000e4       0x90 ./Core/Src/main.o
                0x200000e4                hspi1
 .bss.huart4    0x20000174       0x94 ./Core/Src/main.o
                0x20000174                huart4
 .bss.hpcd_USB_DRD_FS
                0x20000208      0x2e0 ./Core/Src/main.o
                0x20000208                hpcd_USB_DRD_FS
 .bss.uwTick    0x200004e8        0x4 ./Drivers/STM32U3xx_HAL_Driver/Src/stm32u3xx_hal.o
                0x200004e8                uwTick
 *(COMMON)
                0x200004ec                        . = ALIGN (0x4)
                0x200004ec                        _ebss = .
                0x200004ec                        __bss_end__ = _ebss

._user_heap_stack
                0x200004ec      0x604 load address 0x08004f30
                0x200004f0                        . = ALIGN (0x8)
 *fill*         0x200004ec        0x4 
                [!provide]                        PROVIDE (end = .)
                0x200004f0                        PROVIDE (_end = .)
                0x200006f0                        . = (. + _Min_Heap_Size)
 *fill*         0x200004f0      0x200 
                0x20000af0                        . = (. + _Min_Stack_Size)
 *fill*         0x200006f0      0x400 
                0x20000af0                        . = ALIGN (0x8)

/DISCARD/
 libc.a(*)
 libm.a(*)
 libgcc.a(*)

.ARM.attributes
                0x00000000       0x36
 *(.ARM.attributes)
 .ARM.attributes
                0x00000000       0x26 /Applications/STM32CubeIDE.app/Contents/Eclipse/plugins/com.st.stm32cube.ide.mcu.externaltools.gnu-tools-for-stm32.13.3.rel1.macos64_1.0.0.202411102158/tools/bin/../lib/gcc/arm-none-eabi/13.3.1/thumb/v8-m.main+fp/hard/crti.o
 .ARM.attributes
                0x00000026       0x38 /Applications/STM32CubeIDE.app/Contents/Eclipse/plugins/com.st.stm32cube.ide.mcu.externaltools.gnu-tools-for-stm32.13.3.rel1.macos64_1.0.0.202411102158/tools/bin/../lib/gcc/arm-none-eabi/13.3.1/thumb/v8-m.main+fp/hard/crtbegin.o
 .ARM.attributes
                0x0000005e       0x3a ./Core/Src/main.o
 .ARM.attributes
                0x00000098       0x3a ./Core/Src/stm32u3xx_hal_msp.o
 .ARM.attributes
                0x000000d2       0x3a ./Core/Src/stm32u3xx_it.o
 .ARM.attributes
                0x0000010c       0x3a ./Core/Src/system_stm32u3xx.o
 .ARM.attributes
                0x00000146       0x24 ./Core/Startup/startup_stm32u385cgtxq.o
 .ARM.attributes
                0x0000016a       0x3a ./Drivers/STM32U3xx_HAL_Driver/Src/stm32u3xx_hal.o
 .ARM.attributes
                0x000001a4       0x3a ./Drivers/STM32U3xx_HAL_Driver/Src/stm32u3xx_hal_adc.o
 .ARM.attributes
                0x000001de       0x3a ./Drivers/STM32U3xx_HAL_Driver/Src/stm32u3xx_hal_cortex.o
 .ARM.attributes
                0x00000218       0x3a ./Drivers/STM32U3xx_HAL_Driver/Src/stm32u3xx_hal_gpio.o
 .ARM.attributes
                0x00000252       0x3a ./Drivers/STM32U3xx_HAL_Driver/Src/stm32u3xx_hal_i2c.o
 .ARM.attributes
                0x0000028c       0x3a ./Drivers/STM32U3xx_HAL_Driver/Src/stm32u3xx_hal_i2c_ex.o
 .ARM.attributes
                0x000002c6       0x3a ./Drivers/STM32U3xx_HAL_Driver/Src/stm32u3xx_hal_pcd.o
 .ARM.attributes
                0x00000300       0x3a ./Drivers/STM32U3xx_HAL_Driver/Src/stm32u3xx_hal_pcd_ex.o
 .ARM.attributes
                0x0000033a       0x3a ./Drivers/STM32U3xx_HAL_Driver/Src/stm32u3xx_hal_pwr_ex.o
 .ARM.attributes
                0x00000374       0x3a ./Drivers/STM32U3xx_HAL_Driver/Src/stm32u3xx_hal_rcc.o
 .ARM.attributes
                0x000003ae       0x3a ./Drivers/STM32U3xx_HAL_Driver/Src/stm32u3xx_hal_rcc_ex.o
 .ARM.attributes
                0x000003e8       0x3a ./Drivers/STM32U3xx_HAL_Driver/Src/stm32u3xx_hal_spi.o
 .ARM.attributes
                0x00000422       0x3a ./Drivers/STM32U3xx_HAL_Driver/Src/stm32u3xx_hal_spi_ex.o
 .ARM.attributes
                0x0000045c       0x3a ./Drivers/STM32U3xx_HAL_Driver/Src/stm32u3xx_hal_uart.o
 .ARM.attributes
                0x00000496       0x3a ./Drivers/STM32U3xx_HAL_Driver/Src/stm32u3xx_hal_uart_ex.o
 .ARM.attributes
                0x000004d0       0x3a ./Drivers/STM32U3xx_HAL_Driver/Src/stm32u3xx_ll_usb.o
 .ARM.attributes
                0x0000050a       0x38 /Applications/STM32CubeIDE.app/Contents/Eclipse/plugins/com.st.stm32cube.ide.mcu.externaltools.gnu-tools-for-stm32.13.3.rel1.macos64_1.0.0.202411102158/tools/bin/../lib/gcc/arm-none-eabi/13.3.1/../../../../arm-none-eabi/lib/thumb/v8-m.main+fp/hard/libc_nano.a(libc_a-memset.o)
 .ARM.attributes
                0x00000542       0x38 /Applications/STM32CubeIDE.app/Contents/Eclipse/plugins/com.st.stm32cube.ide.mcu.externaltools.gnu-tools-for-stm32.13.3.rel1.macos64_1.0.0.202411102158/tools/bin/../lib/gcc/arm-none-eabi/13.3.1/../../../../arm-none-eabi/lib/thumb/v8-m.main+fp/hard/libc_nano.a(libc_a-init.o)
 .ARM.attributes
                0x0000057a       0x26 /Applications/STM32CubeIDE.app/Contents/Eclipse/plugins/com.st.stm32cube.ide.mcu.externaltools.gnu-tools-for-stm32.13.3.rel1.macos64_1.0.0.202411102158/tools/bin/../lib/gcc/arm-none-eabi/13.3.1/thumb/v8-m.main+fp/hard/libgcc.a(_aeabi_uldivmod.o)
 .ARM.attributes
                0x000005a0       0x38 /Applications/STM32CubeIDE.app/Contents/Eclipse/plugins/com.st.stm32cube.ide.mcu.externaltools.gnu-tools-for-stm32.13.3.rel1.macos64_1.0.0.202411102158/tools/bin/../lib/gcc/arm-none-eabi/13.3.1/thumb/v8-m.main+fp/hard/libgcc.a(_udivmoddi4.o)
 .ARM.attributes
                0x000005d8       0x26 /Applications/STM32CubeIDE.app/Contents/Eclipse/plugins/com.st.stm32cube.ide.mcu.externaltools.gnu-tools-for-stm32.13.3.rel1.macos64_1.0.0.202411102158/tools/bin/../lib/gcc/arm-none-eabi/13.3.1/thumb/v8-m.main+fp/hard/libgcc.a(_dvmd_tls.o)
 .ARM.attributes
                0x000005fe       0x26 /Applications/STM32CubeIDE.app/Contents/Eclipse/plugins/com.st.stm32cube.ide.mcu.externaltools.gnu-tools-for-stm32.13.3.rel1.macos64_1.0.0.202411102158/tools/bin/../lib/gcc/arm-none-eabi/13.3.1/thumb/v8-m.main+fp/hard/crtn.o
OUTPUT(Collie_V0.elf elf32-littlearm)
LOAD linker stubs
LOAD /Applications/STM32CubeIDE.app/Contents/Eclipse/plugins/com.st.stm32cube.ide.mcu.externaltools.gnu-tools-for-stm32.13.3.rel1.macos64_1.0.0.202411102158/tools/bin/../lib/gcc/arm-none-eabi/13.3.1/../../../../arm-none-eabi/lib/thumb/v8-m.main+fp/hard/libc.a
LOAD /Applications/STM32CubeIDE.app/Contents/Eclipse/plugins/com.st.stm32cube.ide.mcu.externaltools.gnu-tools-for-stm32.13.3.rel1.macos64_1.0.0.202411102158/tools/bin/../lib/gcc/arm-none-eabi/13.3.1/../../../../arm-none-eabi/lib/thumb/v8-m.main+fp/hard/libm.a
LOAD /Applications/STM32CubeIDE.app/Contents/Eclipse/plugins/com.st.stm32cube.ide.mcu.externaltools.gnu-tools-for-stm32.13.3.rel1.macos64_1.0.0.202411102158/tools/bin/../lib/gcc/arm-none-eabi/13.3.1/thumb/v8-m.main+fp/hard/libgcc.a

.debug_info     0x00000000    0x1cfc6
 .debug_info    0x00000000     0x22d9 ./Core/Src/main.o
 .debug_info    0x000022d9     0x222a ./Core/Src/stm32u3xx_hal_msp.o
 .debug_info    0x00004503      0x4e4 ./Core/Src/stm32u3xx_it.o
 .debug_info    0x000049e7      0x8f0 ./Core/Src/system_stm32u3xx.o
 .debug_info    0x000052d7       0x30 ./Core/Startup/startup_stm32u385cgtxq.o
 .debug_info    0x00005307     0x1439 ./Drivers/STM32U3xx_HAL_Driver/Src/stm32u3xx_hal.o
 .debug_info    0x00006740     0x246b ./Drivers/STM32U3xx_HAL_Driver/Src/stm32u3xx_hal_adc.o
 .debug_info    0x00008bab     0x15d3 ./Drivers/STM32U3xx_HAL_Driver/Src/stm32u3xx_hal_cortex.o
 .debug_info    0x0000a17e      0x9ff ./Drivers/STM32U3xx_HAL_Driver/Src/stm32u3xx_hal_gpio.o
 .debug_info    0x0000ab7d     0x26b8 ./Drivers/STM32U3xx_HAL_Driver/Src/stm32u3xx_hal_i2c.o
 .debug_info    0x0000d235      0xd8b ./Drivers/STM32U3xx_HAL_Driver/Src/stm32u3xx_hal_i2c_ex.o
 .debug_info    0x0000dfc0     0x1874 ./Drivers/STM32U3xx_HAL_Driver/Src/stm32u3xx_hal_pcd.o
 .debug_info    0x0000f834      0xb68 ./Drivers/STM32U3xx_HAL_Driver/Src/stm32u3xx_hal_pcd_ex.o
 .debug_info    0x0001039c      0xf16 ./Drivers/STM32U3xx_HAL_Driver/Src/stm32u3xx_hal_pwr_ex.o
 .debug_info    0x000112b2     0x10a6 ./Drivers/STM32U3xx_HAL_Driver/Src/stm32u3xx_hal_rcc.o
 .debug_info    0x00012358      0xf13 ./Drivers/STM32U3xx_HAL_Driver/Src/stm32u3xx_hal_rcc_ex.o
 .debug_info    0x0001326b     0x193d ./Drivers/STM32U3xx_HAL_Driver/Src/stm32u3xx_hal_spi.o
 .debug_info    0x00014ba8      0xe18 ./Drivers/STM32U3xx_HAL_Driver/Src/stm32u3xx_hal_spi_ex.o
 .debug_info    0x000159c0     0x4992 ./Drivers/STM32U3xx_HAL_Driver/Src/stm32u3xx_hal_uart.o
 .debug_info    0x0001a352     0x15df ./Drivers/STM32U3xx_HAL_Driver/Src/stm32u3xx_hal_uart_ex.o
 .debug_info    0x0001b931     0x1695 ./Drivers/STM32U3xx_HAL_Driver/Src/stm32u3xx_ll_usb.o

.debug_abbrev   0x00000000     0x328b
 .debug_abbrev  0x00000000      0x2ff ./Core/Src/main.o
 .debug_abbrev  0x000002ff      0x2a1 ./Core/Src/stm32u3xx_hal_msp.o
 .debug_abbrev  0x000005a0      0x123 ./Core/Src/stm32u3xx_it.o
 .debug_abbrev  0x000006c3      0x142 ./Core/Src/system_stm32u3xx.o
 .debug_abbrev  0x00000805       0x24 ./Core/Startup/startup_stm32u385cgtxq.o
 .debug_abbrev  0x00000829      0x344 ./Drivers/STM32U3xx_HAL_Driver/Src/stm32u3xx_hal.o
 .debug_abbrev  0x00000b6d      0x292 ./Drivers/STM32U3xx_HAL_Driver/Src/stm32u3xx_hal_adc.o
 .debug_abbrev  0x00000dff      0x313 ./Drivers/STM32U3xx_HAL_Driver/Src/stm32u3xx_hal_cortex.o
 .debug_abbrev  0x00001112      0x1fb ./Drivers/STM32U3xx_HAL_Driver/Src/stm32u3xx_hal_gpio.o
 .debug_abbrev  0x0000130d      0x2b6 ./Drivers/STM32U3xx_HAL_Driver/Src/stm32u3xx_hal_i2c.o
 .debug_abbrev  0x000015c3      0x1f3 ./Drivers/STM32U3xx_HAL_Driver/Src/stm32u3xx_hal_i2c_ex.o
 .debug_abbrev  0x000017b6      0x34e ./Drivers/STM32U3xx_HAL_Driver/Src/stm32u3xx_hal_pcd.o
 .debug_abbrev  0x00001b04      0x265 ./Drivers/STM32U3xx_HAL_Driver/Src/stm32u3xx_hal_pcd_ex.o
 .debug_abbrev  0x00001d69      0x20f ./Drivers/STM32U3xx_HAL_Driver/Src/stm32u3xx_hal_pwr_ex.o
 .debug_abbrev  0x00001f78      0x2c8 ./Drivers/STM32U3xx_HAL_Driver/Src/stm32u3xx_hal_rcc.o
 .debug_abbrev  0x00002240      0x24a ./Drivers/STM32U3xx_HAL_Driver/Src/stm32u3xx_hal_rcc_ex.o
 .debug_abbrev  0x0000248a      0x2e4 ./Drivers/STM32U3xx_HAL_Driver/Src/stm32u3xx_hal_spi.o
 .debug_abbrev  0x0000276e      0x1f9 ./Drivers/STM32U3xx_HAL_Driver/Src/stm32u3xx_hal_spi_ex.o
 .debug_abbrev  0x00002967      0x34a ./Drivers/STM32U3xx_HAL_Driver/Src/stm32u3xx_hal_uart.o
 .debug_abbrev  0x00002cb1      0x307 ./Drivers/STM32U3xx_HAL_Driver/Src/stm32u3xx_hal_uart_ex.o
 .debug_abbrev  0x00002fb8      0x2d3 ./Drivers/STM32U3xx_HAL_Driver/Src/stm32u3xx_ll_usb.o

.debug_aranges  0x00000000     0x14a0
 .debug_aranges
                0x00000000       0x60 ./Core/Src/main.o
 .debug_aranges
                0x00000060       0x70 ./Core/Src/stm32u3xx_hal_msp.o
 .debug_aranges
                0x000000d0       0x60 ./Core/Src/stm32u3xx_it.o
 .debug_aranges
                0x00000130       0x28 ./Core/Src/system_stm32u3xx.o
 .debug_aranges
                0x00000158       0x28 ./Core/Startup/startup_stm32u385cgtxq.o
 .debug_aranges
                0x00000180      0x168 ./Drivers/STM32U3xx_HAL_Driver/Src/stm32u3xx_hal.o
 .debug_aranges
                0x000002e8      0x290 ./Drivers/STM32U3xx_HAL_Driver/Src/stm32u3xx_hal_adc.o
 .debug_aranges
                0x00000578      0x148 ./Drivers/STM32U3xx_HAL_Driver/Src/stm32u3xx_hal_cortex.o
 .debug_aranges
                0x000006c0       0x80 ./Drivers/STM32U3xx_HAL_Driver/Src/stm32u3xx_hal_gpio.o
 .debug_aranges
                0x00000740      0x2a0 ./Drivers/STM32U3xx_HAL_Driver/Src/stm32u3xx_hal_i2c.o
 .debug_aranges
                0x000009e0       0x58 ./Drivers/STM32U3xx_HAL_Driver/Src/stm32u3xx_hal_i2c_ex.o
 .debug_aranges
                0x00000a38      0x150 ./Drivers/STM32U3xx_HAL_Driver/Src/stm32u3xx_hal_pcd.o
 .debug_aranges
                0x00000b88       0x58 ./Drivers/STM32U3xx_HAL_Driver/Src/stm32u3xx_hal_pcd_ex.o
 .debug_aranges
                0x00000be0      0x140 ./Drivers/STM32U3xx_HAL_Driver/Src/stm32u3xx_hal_pwr_ex.o
 .debug_aranges
                0x00000d20       0xb0 ./Drivers/STM32U3xx_HAL_Driver/Src/stm32u3xx_hal_rcc.o
 .debug_aranges
                0x00000dd0       0xe8 ./Drivers/STM32U3xx_HAL_Driver/Src/stm32u3xx_hal_rcc_ex.o
 .debug_aranges
                0x00000eb8      0x1a8 ./Drivers/STM32U3xx_HAL_Driver/Src/stm32u3xx_hal_spi.o
 .debug_aranges
                0x00001060       0x48 ./Drivers/STM32U3xx_HAL_Driver/Src/stm32u3xx_hal_spi_ex.o
 .debug_aranges
                0x000010a8      0x248 ./Drivers/STM32U3xx_HAL_Driver/Src/stm32u3xx_hal_uart.o
 .debug_aranges
                0x000012f0       0xb8 ./Drivers/STM32U3xx_HAL_Driver/Src/stm32u3xx_hal_uart_ex.o
 .debug_aranges
                0x000013a8       0xf8 ./Drivers/STM32U3xx_HAL_Driver/Src/stm32u3xx_ll_usb.o

.debug_rnglists
                0x00000000      0xff4
 .debug_rnglists
                0x00000000       0x49 ./Core/Src/main.o
 .debug_rnglists
                0x00000049       0x53 ./Core/Src/stm32u3xx_hal_msp.o
 .debug_rnglists
                0x0000009c       0x43 ./Core/Src/stm32u3xx_it.o
 .debug_rnglists
                0x000000df       0x1a ./Core/Src/system_stm32u3xx.o
 .debug_rnglists
                0x000000f9       0x19 ./Core/Startup/startup_stm32u385cgtxq.o
 .debug_rnglists
                0x00000112      0x10c ./Drivers/STM32U3xx_HAL_Driver/Src/stm32u3xx_hal.o
 .debug_rnglists
                0x0000021e      0x1f7 ./Drivers/STM32U3xx_HAL_Driver/Src/stm32u3xx_hal_adc.o
 .debug_rnglists
                0x00000415       0xf2 ./Drivers/STM32U3xx_HAL_Driver/Src/stm32u3xx_hal_cortex.o
 .debug_rnglists
                0x00000507       0x5d ./Drivers/STM32U3xx_HAL_Driver/Src/stm32u3xx_hal_gpio.o
 .debug_rnglists
                0x00000564      0x228 ./Drivers/STM32U3xx_HAL_Driver/Src/stm32u3xx_hal_i2c.o
 .debug_rnglists
                0x0000078c       0x43 ./Drivers/STM32U3xx_HAL_Driver/Src/stm32u3xx_hal_i2c_ex.o
 .debug_rnglists
                0x000007cf      0x100 ./Drivers/STM32U3xx_HAL_Driver/Src/stm32u3xx_hal_pcd.o
 .debug_rnglists
                0x000008cf       0x3f ./Drivers/STM32U3xx_HAL_Driver/Src/stm32u3xx_hal_pcd_ex.o
 .debug_rnglists
                0x0000090e       0xf0 ./Drivers/STM32U3xx_HAL_Driver/Src/stm32u3xx_hal_pwr_ex.o
 .debug_rnglists
                0x000009fe       0x85 ./Drivers/STM32U3xx_HAL_Driver/Src/stm32u3xx_hal_rcc.o
 .debug_rnglists
                0x00000a83       0xb2 ./Drivers/STM32U3xx_HAL_Driver/Src/stm32u3xx_hal_rcc_ex.o
 .debug_rnglists
                0x00000b35      0x148 ./Drivers/STM32U3xx_HAL_Driver/Src/stm32u3xx_hal_spi.o
 .debug_rnglists
                0x00000c7d       0x34 ./Drivers/STM32U3xx_HAL_Driver/Src/stm32u3xx_hal_spi_ex.o
 .debug_rnglists
                0x00000cb1      0x1fa ./Drivers/STM32U3xx_HAL_Driver/Src/stm32u3xx_hal_uart.o
 .debug_rnglists
                0x00000eab       0x8c ./Drivers/STM32U3xx_HAL_Driver/Src/stm32u3xx_hal_uart_ex.o
 .debug_rnglists
                0x00000f37       0xbd ./Drivers/STM32U3xx_HAL_Driver/Src/stm32u3xx_ll_usb.o

.debug_macro    0x00000000    0x2fcd5
 .debug_macro   0x00000000      0x2e5 ./Core/Src/main.o
 .debug_macro   0x000002e5      0xade ./Core/Src/main.o
 .debug_macro   0x00000dc3      0x1e9 ./Core/Src/main.o
 .debug_macro   0x00000fac       0x2e ./Core/Src/main.o
 .debug_macro   0x00000fda       0x42 ./Core/Src/main.o
 .debug_macro   0x0000101c       0x22 ./Core/Src/main.o
 .debug_macro   0x0000103e       0x8e ./Core/Src/main.o
 .debug_macro   0x000010cc       0x51 ./Core/Src/main.o
 .debug_macro   0x0000111d      0x103 ./Core/Src/main.o
 .debug_macro   0x00001220       0x6a ./Core/Src/main.o
 .debug_macro   0x0000128a      0x1df ./Core/Src/main.o
 .debug_macro   0x00001469       0x1c ./Core/Src/main.o
 .debug_macro   0x00001485       0x29 ./Core/Src/main.o
 .debug_macro   0x000014ae       0xfb ./Core/Src/main.o
 .debug_macro   0x000015a9     0x1685 ./Core/Src/main.o
 .debug_macro   0x00002c2e       0x5e ./Core/Src/main.o
 .debug_macro   0x00002c8c    0x1df2a ./Core/Src/main.o
 .debug_macro   0x00020bb6       0x6c ./Core/Src/main.o
 .debug_macro   0x00020c22     0x3432 ./Core/Src/main.o
 .debug_macro   0x00024054      0x190 ./Core/Src/main.o
 .debug_macro   0x000241e4       0x61 ./Core/Src/main.o
 .debug_macro   0x00024245       0x2a ./Core/Src/main.o
 .debug_macro   0x0002426f       0x43 ./Core/Src/main.o
 .debug_macro   0x000242b2       0x34 ./Core/Src/main.o
 .debug_macro   0x000242e6      0x370 ./Core/Src/main.o
 .debug_macro   0x00024656       0x16 ./Core/Src/main.o
 .debug_macro   0x0002466c       0x4a ./Core/Src/main.o
 .debug_macro   0x000246b6       0x34 ./Core/Src/main.o
 .debug_macro   0x000246ea       0x10 ./Core/Src/main.o
 .debug_macro   0x000246fa       0x58 ./Core/Src/main.o
 .debug_macro   0x00024752       0x8e ./Core/Src/main.o
 .debug_macro   0x000247e0       0x1c ./Core/Src/main.o
 .debug_macro   0x000247fc      0x185 ./Core/Src/main.o
 .debug_macro   0x00024981      0x19b ./Core/Src/main.o
 .debug_macro   0x00024b1c       0x5d ./Core/Src/main.o
 .debug_macro   0x00024b79      0x914 ./Core/Src/main.o
 .debug_macro   0x0002548d     0x1750 ./Core/Src/main.o
 .debug_macro   0x00026bdd      0x837 ./Core/Src/main.o
 .debug_macro   0x00027414      0x1dd ./Core/Src/main.o
 .debug_macro   0x000275f1      0x1c9 ./Core/Src/main.o
 .debug_macro   0x000277ba      0x47f ./Core/Src/main.o
 .debug_macro   0x00027c39      0x313 ./Core/Src/main.o
 .debug_macro   0x00027f4c       0xd6 ./Core/Src/main.o
 .debug_macro   0x00028022      0x1d5 ./Core/Src/main.o
 .debug_macro   0x000281f7      0xf1a ./Core/Src/main.o
 .debug_macro   0x00029111      0x68d ./Core/Src/main.o
 .debug_macro   0x0002979e      0x33d ./Core/Src/main.o
 .debug_macro   0x00029adb      0x1b0 ./Core/Src/main.o
 .debug_macro   0x00029c8b      0x439 ./Core/Src/main.o
 .debug_macro   0x0002a0c4       0xd8 ./Core/Src/main.o
 .debug_macro   0x0002a19c      0x11c ./Core/Src/main.o
 .debug_macro   0x0002a2b8      0x23a ./Core/Src/main.o
 .debug_macro   0x0002a4f2      0x123 ./Core/Src/main.o
 .debug_macro   0x0002a615       0xa5 ./Core/Src/main.o
 .debug_macro   0x0002a6ba      0x224 ./Core/Src/main.o
 .debug_macro   0x0002a8de      0x177 ./Core/Src/main.o
 .debug_macro   0x0002aa55      0x511 ./Core/Src/main.o
 .debug_macro   0x0002af66      0x23b ./Core/Src/main.o
 .debug_macro   0x0002b1a1      0x5cf ./Core/Src/main.o
 .debug_macro   0x0002b770       0xed ./Core/Src/main.o
 .debug_macro   0x0002b85d       0xeb ./Core/Src/main.o
 .debug_macro   0x0002b948      0x677 ./Core/Src/main.o
 .debug_macro   0x0002bfbf      0x1a1 ./Core/Src/main.o
 .debug_macro   0x0002c160      0x37b ./Core/Src/main.o
 .debug_macro   0x0002c4db      0x2e5 ./Core/Src/stm32u3xx_hal_msp.o
 .debug_macro   0x0002c7c0      0x2ef ./Core/Src/stm32u3xx_it.o
 .debug_macro   0x0002caaf      0x2db ./Core/Src/system_stm32u3xx.o
 .debug_macro   0x0002cd8a      0x2e1 ./Drivers/STM32U3xx_HAL_Driver/Src/stm32u3xx_hal.o
 .debug_macro   0x0002d06b      0x306 ./Drivers/STM32U3xx_HAL_Driver/Src/stm32u3xx_hal_adc.o
 .debug_macro   0x0002d371      0x2dc ./Drivers/STM32U3xx_HAL_Driver/Src/stm32u3xx_hal_cortex.o
 .debug_macro   0x0002d64d      0x2e2 ./Drivers/STM32U3xx_HAL_Driver/Src/stm32u3xx_hal_gpio.o
 .debug_macro   0x0002d92f      0x3a7 ./Drivers/STM32U3xx_HAL_Driver/Src/stm32u3xx_hal_i2c.o
 .debug_macro   0x0002dcd6      0x2db ./Drivers/STM32U3xx_HAL_Driver/Src/stm32u3xx_hal_i2c_ex.o
 .debug_macro   0x0002dfb1      0x2e7 ./Drivers/STM32U3xx_HAL_Driver/Src/stm32u3xx_hal_pcd.o
 .debug_macro   0x0002e298      0x2db ./Drivers/STM32U3xx_HAL_Driver/Src/stm32u3xx_hal_pcd_ex.o
 .debug_macro   0x0002e573      0x2f0 ./Drivers/STM32U3xx_HAL_Driver/Src/stm32u3xx_hal_pwr_ex.o
 .debug_macro   0x0002e863      0x30b ./Drivers/STM32U3xx_HAL_Driver/Src/stm32u3xx_hal_rcc.o
 .debug_macro   0x0002eb6e      0x2e1 ./Drivers/STM32U3xx_HAL_Driver/Src/stm32u3xx_hal_rcc_ex.o
 .debug_macro   0x0002ee4f      0x2e3 ./Drivers/STM32U3xx_HAL_Driver/Src/stm32u3xx_hal_spi.o
 .debug_macro   0x0002f132      0x2db ./Drivers/STM32U3xx_HAL_Driver/Src/stm32u3xx_hal_spi_ex.o
 .debug_macro   0x0002f40d      0x306 ./Drivers/STM32U3xx_HAL_Driver/Src/stm32u3xx_hal_uart.o
 .debug_macro   0x0002f713      0x2e7 ./Drivers/STM32U3xx_HAL_Driver/Src/stm32u3xx_hal_uart_ex.o
 .debug_macro   0x0002f9fa      0x2db ./Drivers/STM32U3xx_HAL_Driver/Src/stm32u3xx_ll_usb.o

.debug_line     0x00000000    0x19b67
 .debug_line    0x00000000      0xbab ./Core/Src/main.o
 .debug_line    0x00000bab      0xaca ./Core/Src/stm32u3xx_hal_msp.o
 .debug_line    0x00001675      0x997 ./Core/Src/stm32u3xx_it.o
 .debug_line    0x0000200c      0x94d ./Core/Src/system_stm32u3xx.o
 .debug_line    0x00002959       0x79 ./Core/Startup/startup_stm32u385cgtxq.o
 .debug_line    0x000029d2      0xee3 ./Drivers/STM32U3xx_HAL_Driver/Src/stm32u3xx_hal.o
 .debug_line    0x000038b5     0x2052 ./Drivers/STM32U3xx_HAL_Driver/Src/stm32u3xx_hal_adc.o
 .debug_line    0x00005907      0xf2d ./Drivers/STM32U3xx_HAL_Driver/Src/stm32u3xx_hal_cortex.o
 .debug_line    0x00006834      0xdc7 ./Drivers/STM32U3xx_HAL_Driver/Src/stm32u3xx_hal_gpio.o
 .debug_line    0x000075fb     0x3bf6 ./Drivers/STM32U3xx_HAL_Driver/Src/stm32u3xx_hal_i2c.o
 .debug_line    0x0000b1f1      0xb31 ./Drivers/STM32U3xx_HAL_Driver/Src/stm32u3xx_hal_i2c_ex.o
 .debug_line    0x0000bd22     0x1563 ./Drivers/STM32U3xx_HAL_Driver/Src/stm32u3xx_hal_pcd.o
 .debug_line    0x0000d285      0xa86 ./Drivers/STM32U3xx_HAL_Driver/Src/stm32u3xx_hal_pcd_ex.o
 .debug_line    0x0000dd0b      0xdca ./Drivers/STM32U3xx_HAL_Driver/Src/stm32u3xx_hal_pwr_ex.o
 .debug_line    0x0000ead5     0x1291 ./Drivers/STM32U3xx_HAL_Driver/Src/stm32u3xx_hal_rcc.o
 .debug_line    0x0000fd66     0x1536 ./Drivers/STM32U3xx_HAL_Driver/Src/stm32u3xx_hal_rcc_ex.o
 .debug_line    0x0001129c     0x251c ./Drivers/STM32U3xx_HAL_Driver/Src/stm32u3xx_hal_spi.o
 .debug_line    0x000137b8      0xab8 ./Drivers/STM32U3xx_HAL_Driver/Src/stm32u3xx_hal_spi_ex.o
 .debug_line    0x00014270     0x3703 ./Drivers/STM32U3xx_HAL_Driver/Src/stm32u3xx_hal_uart.o
 .debug_line    0x00017973      0xf12 ./Drivers/STM32U3xx_HAL_Driver/Src/stm32u3xx_hal_uart_ex.o
 .debug_line    0x00018885     0x12e2 ./Drivers/STM32U3xx_HAL_Driver/Src/stm32u3xx_ll_usb.o

.debug_str      0x00000000   0x1308cf
 .debug_str     0x00000000   0x1308cf ./Core/Src/main.o
                             0x12b2e6 (size before relaxing)
 .debug_str     0x001308cf   0x12b237 ./Core/Src/stm32u3xx_hal_msp.o
 .debug_str     0x001308cf   0x129d70 ./Core/Src/stm32u3xx_it.o
 .debug_str     0x001308cf   0x129e1e ./Core/Src/system_stm32u3xx.o
 .debug_str     0x001308cf       0x85 ./Core/Startup/startup_stm32u385cgtxq.o
 .debug_str     0x001308cf   0x12aaef ./Drivers/STM32U3xx_HAL_Driver/Src/stm32u3xx_hal.o
 .debug_str     0x001308cf   0x12b366 ./Drivers/STM32U3xx_HAL_Driver/Src/stm32u3xx_hal_adc.o
 .debug_str     0x001308cf   0x12a930 ./Drivers/STM32U3xx_HAL_Driver/Src/stm32u3xx_hal_cortex.o
 .debug_str     0x001308cf   0x129fb9 ./Drivers/STM32U3xx_HAL_Driver/Src/stm32u3xx_hal_gpio.o
 .debug_str     0x001308cf   0x12b2e2 ./Drivers/STM32U3xx_HAL_Driver/Src/stm32u3xx_hal_i2c.o
 .debug_str     0x001308cf   0x12a4ca ./Drivers/STM32U3xx_HAL_Driver/Src/stm32u3xx_hal_i2c_ex.o
 .debug_str     0x001308cf   0x12a697 ./Drivers/STM32U3xx_HAL_Driver/Src/stm32u3xx_hal_pcd.o
 .debug_str     0x001308cf   0x12a28e ./Drivers/STM32U3xx_HAL_Driver/Src/stm32u3xx_hal_pcd_ex.o
 .debug_str     0x001308cf   0x12a420 ./Drivers/STM32U3xx_HAL_Driver/Src/stm32u3xx_hal_pwr_ex.o
 .debug_str     0x001308cf   0x12a4e4 ./Drivers/STM32U3xx_HAL_Driver/Src/stm32u3xx_hal_rcc.o
 .debug_str     0x001308cf   0x12a5f5 ./Drivers/STM32U3xx_HAL_Driver/Src/stm32u3xx_hal_rcc_ex.o
 .debug_str     0x001308cf   0x12a988 ./Drivers/STM32U3xx_HAL_Driver/Src/stm32u3xx_hal_spi.o
 .debug_str     0x001308cf   0x12a4f8 ./Drivers/STM32U3xx_HAL_Driver/Src/stm32u3xx_hal_spi_ex.o
 .debug_str     0x001308cf   0x12ad5b ./Drivers/STM32U3xx_HAL_Driver/Src/stm32u3xx_hal_uart.o
 .debug_str     0x001308cf   0x12a80d ./Drivers/STM32U3xx_HAL_Driver/Src/stm32u3xx_hal_uart_ex.o
 .debug_str     0x001308cf   0x12a244 ./Drivers/STM32U3xx_HAL_Driver/Src/stm32u3xx_ll_usb.o

.comment        0x00000000       0x43
 .comment       0x00000000       0x43 ./Core/Src/main.o
                                 0x44 (size before relaxing)
 .comment       0x00000043       0x44 ./Core/Src/stm32u3xx_hal_msp.o
 .comment       0x00000043       0x44 ./Core/Src/stm32u3xx_it.o
 .comment       0x00000043       0x44 ./Core/Src/system_stm32u3xx.o
 .comment       0x00000043       0x44 ./Drivers/STM32U3xx_HAL_Driver/Src/stm32u3xx_hal.o
 .comment       0x00000043       0x44 ./Drivers/STM32U3xx_HAL_Driver/Src/stm32u3xx_hal_adc.o
 .comment       0x00000043       0x44 ./Drivers/STM32U3xx_HAL_Driver/Src/stm32u3xx_hal_cortex.o
 .comment       0x00000043       0x44 ./Drivers/STM32U3xx_HAL_Driver/Src/stm32u3xx_hal_gpio.o
 .comment       0x00000043       0x44 ./Drivers/STM32U3xx_HAL_Driver/Src/stm32u3xx_hal_i2c.o
 .comment       0x00000043       0x44 ./Drivers/STM32U3xx_HAL_Driver/Src/stm32u3xx_hal_i2c_ex.o
 .comment       0x00000043       0x44 ./Drivers/STM32U3xx_HAL_Driver/Src/stm32u3xx_hal_pcd.o
 .comment       0x00000043       0x44 ./Drivers/STM32U3xx_HAL_Driver/Src/stm32u3xx_hal_pcd_ex.o
 .comment       0x00000043       0x44 ./Drivers/STM32U3xx_HAL_Driver/Src/stm32u3xx_hal_pwr_ex.o
 .comment       0x00000043       0x44 ./Drivers/STM32U3xx_HAL_Driver/Src/stm32u3xx_hal_rcc.o
 .comment       0x00000043       0x44 ./Drivers/STM32U3xx_HAL_Driver/Src/stm32u3xx_hal_rcc_ex.o
 .comment       0x00000043       0x44 ./Drivers/STM32U3xx_HAL_Driver/Src/stm32u3xx_hal_spi.o
 .comment       0x00000043       0x44 ./Drivers/STM32U3xx_HAL_Driver/Src/stm32u3xx_hal_spi_ex.o
 .comment       0x00000043       0x44 ./Drivers/STM32U3xx_HAL_Driver/Src/stm32u3xx_hal_uart.o
 .comment       0x00000043       0x44 ./Drivers/STM32U3xx_HAL_Driver/Src/stm32u3xx_hal_uart_ex.o
 .comment       0x00000043       0x44 ./Drivers/STM32U3xx_HAL_Driver/Src/stm32u3xx_ll_usb.o

.debug_frame    0x00000000     0x59b0
 .debug_frame   0x00000000      0x128 ./Core/Src/main.o
 .debug_frame   0x00000128      0x1b0 ./Core/Src/stm32u3xx_hal_msp.o
 .debug_frame   0x000002d8      0x104 ./Core/Src/stm32u3xx_it.o
 .debug_frame   0x000003dc       0x58 ./Core/Src/system_stm32u3xx.o
 .debug_frame   0x00000434      0x5c0 ./Drivers/STM32U3xx_HAL_Driver/Src/stm32u3xx_hal.o
 .debug_frame   0x000009f4      0xc38 ./Drivers/STM32U3xx_HAL_Driver/Src/stm32u3xx_hal_adc.o
 .debug_frame   0x0000162c      0x580 ./Drivers/STM32U3xx_HAL_Driver/Src/stm32u3xx_hal_cortex.o
 .debug_frame   0x00001bac      0x214 ./Drivers/STM32U3xx_HAL_Driver/Src/stm32u3xx_hal_gpio.o
 .debug_frame   0x00001dc0      0xc44 ./Drivers/STM32U3xx_HAL_Driver/Src/stm32u3xx_hal_i2c.o
 .debug_frame   0x00002a04      0x150 ./Drivers/STM32U3xx_HAL_Driver/Src/stm32u3xx_hal_i2c_ex.o
 .debug_frame   0x00002b54      0x5e0 ./Drivers/STM32U3xx_HAL_Driver/Src/stm32u3xx_hal_pcd.o
 .debug_frame   0x00003134      0x14c ./Drivers/STM32U3xx_HAL_Driver/Src/stm32u3xx_hal_pcd_ex.o
 .debug_frame   0x00003280      0x530 ./Drivers/STM32U3xx_HAL_Driver/Src/stm32u3xx_hal_pwr_ex.o
 .debug_frame   0x000037b0      0x2b0 ./Drivers/STM32U3xx_HAL_Driver/Src/stm32u3xx_hal_rcc.o
 .debug_frame   0x00003a60      0x3dc ./Drivers/STM32U3xx_HAL_Driver/Src/stm32u3xx_hal_rcc_ex.o
 .debug_frame   0x00003e3c      0x7a8 ./Drivers/STM32U3xx_HAL_Driver/Src/stm32u3xx_hal_spi.o
 .debug_frame   0x000045e4      0x100 ./Drivers/STM32U3xx_HAL_Driver/Src/stm32u3xx_hal_spi_ex.o
 .debug_frame   0x000046e4      0xa8c ./Drivers/STM32U3xx_HAL_Driver/Src/stm32u3xx_hal_uart.o
 .debug_frame   0x00005170      0x310 ./Drivers/STM32U3xx_HAL_Driver/Src/stm32u3xx_hal_uart_ex.o
 .debug_frame   0x00005480      0x480 ./Drivers/STM32U3xx_HAL_Driver/Src/stm32u3xx_ll_usb.o
 .debug_frame   0x00005900       0x20 /Applications/STM32CubeIDE.app/Contents/Eclipse/plugins/com.st.stm32cube.ide.mcu.externaltools.gnu-tools-for-stm32.13.3.rel1.macos64_1.0.0.202411102158/tools/bin/../lib/gcc/arm-none-eabi/13.3.1/../../../../arm-none-eabi/lib/thumb/v8-m.main+fp/hard/libc_nano.a(libc_a-memset.o)
 .debug_frame   0x00005920       0x2c /Applications/STM32CubeIDE.app/Contents/Eclipse/plugins/com.st.stm32cube.ide.mcu.externaltools.gnu-tools-for-stm32.13.3.rel1.macos64_1.0.0.202411102158/tools/bin/../lib/gcc/arm-none-eabi/13.3.1/../../../../arm-none-eabi/lib/thumb/v8-m.main+fp/hard/libc_nano.a(libc_a-init.o)
 .debug_frame   0x0000594c       0x2c /Applications/STM32CubeIDE.app/Contents/Eclipse/plugins/com.st.stm32cube.ide.mcu.externaltools.gnu-tools-for-stm32.13.3.rel1.macos64_1.0.0.202411102158/tools/bin/../lib/gcc/arm-none-eabi/13.3.1/thumb/v8-m.main+fp/hard/libgcc.a(_aeabi_uldivmod.o)
 .debug_frame   0x00005978       0x38 /Applications/STM32CubeIDE.app/Contents/Eclipse/plugins/com.st.stm32cube.ide.mcu.externaltools.gnu-tools-for-stm32.13.3.rel1.macos64_1.0.0.202411102158/tools/bin/../lib/gcc/arm-none-eabi/13.3.1/thumb/v8-m.main+fp/hard/libgcc.a(_udivmoddi4.o)

.debug_line_str
                0x00000000       0x69
 .debug_line_str
                0x00000000       0x69 ./Core/Startup/startup_stm32u385cgtxq.o
