../Drivers/CMSIS/Include/core_cm33.h:3212:26:ITM_SendChar	16	static,ignoring_inline_asm
../Core/Src/main.c:125:1:__io_putchar	16	static
../Core/Src/main.c:139:5:main	16	static
../Core/Src/main.c:303:6:SystemClock_Config	88	static
../Core/Src/main.c:363:13:MX_ADC1_Init	40	static
../Core/Src/main.c:420:13:MX_FLASH_Init	4	static
../Core/Src/main.c:441:13:MX_I2C1_Init	8	static
../Core/Src/main.c:489:13:MX_ICACHE_Init	8	static
../Core/Src/main.c:521:13:MX_SPI1_Init	24	static
../Core/Src/main.c:578:13:MX_UART4_Init	8	static
../Core/Src/main.c:628:13:MX_USB_PCD_Init	8	static
../Core/Src/main.c:664:13:MX_GPIO_Init	40	static
../Core/Src/main.c:736:6:Error_Handler	8	static,ignoring_inline_asm
