../Core/Src/main.c:110:7:Read_Temperature_C	32	static
../Core/Src/main.c:141:13:Advance_NAND_Page	16	static
../Core/Src/main.c:161:15:bmi2_i2c_read	48	static
../Core/Src/main.c:174:15:bmi2_i2c_write	48	static
../Core/Src/main.c:187:13:bmi2_delay_us	24	static
../Core/Src/main.c:210:5:main	448	static
../Core/Src/main.c:433:6:SystemClock_Config	88	static
../Core/Src/main.c:493:13:MX_ADC1_Init	40	static
../Core/Src/main.c:550:13:MX_FLASH_Init	4	static
../Core/Src/main.c:568:13:MX_I2C1_Init	8	static
../Core/Src/main.c:613:13:MX_ICACHE_Init	8	static
../Core/Src/main.c:642:13:MX_SPI1_Init	24	static
../Core/Src/main.c:696:13:MX_UART4_Init	8	static
../Core/Src/main.c:743:13:MX_USB_PCD_Init	8	static
../Core/Src/main.c:776:13:MX_GPIO_Init	40	static
../Core/Src/main.c:842:6:HAL_UART_RxCpltCallback	16	static
../Core/Src/main.c:858:6:Error_Handler	4	static,ignoring_inline_asm
